apt-file/noble,now 3.3 all [installed]
apt-transport-https/noble-updates,now 2.8.3 all [installed]
ca-certificates/noble,now 20240203 all [installed]
curl/noble-updates,noble-security,now 8.5.0-2ubuntu10.6 amd64 [installed]
dconf-editor/noble,now 45.0.1-1build2 amd64 [installed]
diffutils/noble,now 1:3.10-1build1 amd64 [installed]
dkms/noble,now 3.0.11-1ubuntu13 all [installed]
ffmpeg/noble,now 7:6.1.1-3ubuntu5 amd64 [installed]
findutils/noble,now 4.9.0-5build1 amd64 [installed]
git/noble-updates,noble-security,now 1:2.43.0-1ubuntu7.3 amd64 [installed]
handbrake/noble,now 1.7.2+ds1-1build2 amd64 [installed]
kdeconnect/noble,now 23.08.5-0ubuntu5 amd64 [installed]
libaacs-dev/noble,now 0.11.1-2build1 amd64 [installed]
libbluray2/noble,now 1:1.3.4-1build1 amd64 [installed]
libdvd-pkg/noble,now 1.4.3-1-1 all [installed]
lm-sensors/noble,now 1:3.6.0-9build1 amd64 [installed]
mosquitto-clients/noble,now 2.0.18-1build3 amd64 [installed]
msopenjdk-17/noble,now 17.0.16-1 amd64 [installed]
quickemu/noble,now 4.9.7-1~noble24365.1229 all [installed]
rename/noble,now 2.02-1 all [installed]
rpi-imager/noble,now 1.8.5+noembed-0ubuntu5 amd64 [installed]
simple-scan/noble,now 46.0-0ubuntu2 amd64 [installed]
sqlite3-tools/noble-updates,noble-security,now 3.45.1-1ubuntu2.3 amd64 [installed]
sqlite3/noble-updates,noble-security,now 3.45.1-1ubuntu2.3 amd64 [installed]
sysstat/noble,now 12.6.1-2 amd64 [installed]
tree/noble,now 2.1.1-2ubuntu3 amd64 [installed]
vim/noble-updates,noble-security,now 2:9.1.0016-1ubuntu7.8 amd64 [installed]
